2025-09-22 14:05:37 - Request: Array
(
    [campus_id] => 1
)

2025-09-22 14:05:37 - Found 2 schools
2025-09-22 14:07:29 - Request: Array
(
    [campus_id] => 2
)

2025-09-22 14:07:29 - Found 0 schools
2025-09-22 14:07:37 - Request: Array
(
    [campus_id] => 1
)

2025-09-22 14:07:37 - Found 2 schools
2025-09-22 14:07:57 - Request: Array
(
    [campus_id] => 1
)

2025-09-22 14:07:57 - Found 2 schools
2025-09-22 14:08:06 - Request: Array
(
    [campus_id] => 1
)

2025-09-22 14:08:06 - Found 2 schools
2025-09-22 14:08:21 - Request: Array
(
    [campus_id] => 1
)

2025-09-22 14:08:21 - Found 2 schools
2025-09-22 14:08:31 - Request: Array
(
    [campus_id] => 1
)

2025-09-22 14:08:31 - Found 2 schools
2025-09-22 14:09:56 - Request: Array
(
    [campus_id] => 2
)

2025-09-22 14:09:56 - Found 0 schools
